// Jest Snapshot v1, https://goo.gl/fbAQLP

exports[`Structural snapshots Hello World Default 1`] = `
<p
  className="hello world"
>
  Hello, 
  John Doe
</p>
`;
